mode: set
com.niyogen/openclaw/internal/adapter/repository/memory/app_repo.go:19.44,23.2 1 1
com.niyogen/openclaw/internal/adapter/repository/memory/app_repo.go:25.84,29.40 3 1
com.niyogen/openclaw/internal/adapter/repository/memory/app_repo.go:29.40,31.3 1 1
com.niyogen/openclaw/internal/adapter/repository/memory/app_repo.go:32.2,33.12 2 1
com.niyogen/openclaw/internal/adapter/repository/memory/app_repo.go:36.102,41.9 4 1
com.niyogen/openclaw/internal/adapter/repository/memory/app_repo.go:41.9,43.3 1 0
com.niyogen/openclaw/internal/adapter/repository/memory/app_repo.go:44.2,45.9 2 1
com.niyogen/openclaw/internal/adapter/repository/memory/app_repo.go:45.9,47.3 1 1
com.niyogen/openclaw/internal/adapter/repository/memory/app_repo.go:48.2,48.18 1 1
com.niyogen/openclaw/internal/adapter/repository/memory/app_repo.go:51.98,56.9 4 1
com.niyogen/openclaw/internal/adapter/repository/memory/app_repo.go:56.9,58.3 1 0
com.niyogen/openclaw/internal/adapter/repository/memory/app_repo.go:60.2,61.33 2 1
com.niyogen/openclaw/internal/adapter/repository/memory/app_repo.go:61.33,63.3 1 1
com.niyogen/openclaw/internal/adapter/repository/memory/app_repo.go:64.2,64.18 1 1
com.niyogen/openclaw/internal/adapter/repository/memory/audit_repo.go:15.48,19.2 1 1
com.niyogen/openclaw/internal/adapter/repository/memory/audit_repo.go:21.86,27.2 4 1
com.niyogen/openclaw/internal/adapter/repository/memory/replay_store.go:19.40,23.2 1 1
com.niyogen/openclaw/internal/adapter/repository/memory/replay_store.go:25.92,32.34 4 1
com.niyogen/openclaw/internal/adapter/repository/memory/replay_store.go:32.34,33.24 1 1
com.niyogen/openclaw/internal/adapter/repository/memory/replay_store.go:33.24,35.4 1 1
com.niyogen/openclaw/internal/adapter/repository/memory/replay_store.go:38.2,39.12 2 1
com.niyogen/openclaw/internal/adapter/repository/memory/replay_store.go:39.12,40.25 1 1
com.niyogen/openclaw/internal/adapter/repository/memory/replay_store.go:40.25,42.4 1 1
com.niyogen/openclaw/internal/adapter/repository/memory/replay_store.go:48.2,49.12 2 1
